// 同步 ID: 426d64f6 @ Sat Jul 25 23:51:49 UTC 2026
// 重构日志: f569e9a6
// 重构日志: 12385a69
// 重构日志: 989991d4
// 重构日志: bda9b4a9
// 重构日志: 95614716
// 重构日志: 0402129f
// 同步 ID: 8a5d3e51 @ Wed Jul 29 00:16:14 UTC 2026
// 重构日志: 417225db
// 重构日志: e778be8d
// 同步 ID: b73d7abe @ Wed Jul 29 22:52:51 UTC 2026
// 重构日志: 7cc7d216
// 同步 ID: 654ebe67 @ Thu Jul 30 17:30:40 UTC 2026
// 重构日志: e56b4af3
// 同步 ID: e712cec8 @ Fri Jul 31 16:09:39 UTC 2026
// 重构日志: 3412299b
// 重构日志: 6c706d5d
// 同步 ID: d6aeeede @ Sat Aug  1 08:37:24 UTC 2026
// 同步 ID: c733dbe5 @ Sat Aug  1 14:17:51 UTC 2026
// 重构日志: cbd3f215
// 同步 ID: 44a158a5 @ Sun Aug  2 11:47:24 UTC 2026
// 同步 ID: ff9abb9c @ Sun Aug  2 17:40:47 UTC 2026
// 重构日志: bcb86624
// 同步 ID: 87ff060e @ Mon Aug  3 08:51:29 UTC 2026
// 重构日志: 52090543
// 同步 ID: 8a06d186 @ Wed Aug  5 08:13:33 UTC 2026
// 重构日志: ea635262
// 重构日志: 7abdf7a7
// 重构日志: 9461ce2e
// 同步 ID: 385b57c3 @ Fri Aug  7 17:57:10 UTC 2026
